@startuml
<style>
	classDiagram {
		class {
			BackgroundColor White
			RoundCorner 0
	  }
	  legend {
      BackgroundColor White
      RoundCorner 0
    }
</style>
hide circle
hide empty members
  skinparam classAttributeIconSize 0
legend top right
  .NamedAssociations CD
end legend
class One {
  {field} String name
  {field} int number
  {field} boolean exists
}
class Two {
  {field} String name
}
class Three {
  {field} String name
}
class Four {
  {field} String name
}
One "1" --* "1" Two
Two "1..*" *--* "1" Three
Three "1" *-- "*" Four
Four "*" --* "1" One
Two "1..*" --* "1..*" One
center footer generated with MontiCore using PlantUML
@enduml
