@startuml
<style>
	classDiagram {
		class {
			BackgroundColor White
			RoundCorner 0
	  }
	  legend {
      BackgroundColor White
      RoundCorner 0
    }
</style>
hide circle
hide empty members
  skinparam classAttributeIconSize 0
legend top right
  CD
end legend
class One {
  {field} String name
  {field} int number
  {field} boolean exists
}
class Two {
  {field} String name
}
class Three {
  {field} String name
}
class Four {
  {field} String name
}
One "b 1" --* "1" Two : a
Two "d 1..*" *--* "e 1" Three : c
Three "g 1" *-- "h *" Four : f
Four "i *" --* "j 1" One
Two "1..*" --* "k 1..*" One : l
center footer generated with MontiCore using PlantUML
@enduml
