@startuml
<style>
	classDiagram {
		class {
			BackgroundColor White
			RoundCorner 0
	  }
	  legend {
      BackgroundColor White
      RoundCorner 0
    }
</style>
hide circle
hide empty members
  skinparam classAttributeIconSize 0
legend top right
  .Extensions CD
end legend
class A
class B extends A
class C extends A
class D extends B
class E extends B
center footer generated with MontiCore using PlantUML
@enduml
