@startuml
  skinparam classAttributeIconSize 0
  skinparam legend {
    BorderColor black
    BackGroundColor white
  }
  legend top right
    .BasicAssociations CD
  end legend
  class One {
    {field} String name
    {field} int number
    {field} boolean exists
  }

  class Two {
    {field} String name
  }

  class Three {
    {field} String name
  }

  class Four {
    {field} String name
  }

  One --* Two
  Two *--* Three
  Three *-- Four
  Four --* One
  Two --* One
  center footer generated with MontiCore using PlantUML
@enduml
