@startuml
  skinparam classAttributeIconSize 0
  skinparam legend {
    BorderColor black
    BackGroundColor white
  }
  legend top right
    .ClassTypes CD
  end legend
  class Abstrakt {
    {field} boolean abstrakt
  }

  class Finale {
    {field} String ohoho
  }

  class Statische {
    {field} int spannung
  }

  class Lokal

  class Privat

  class Public

  class Protected

  class PAF

  class RO

  class Derived

  class PDR

  interface Interface

  center footer generated with MontiCore using PlantUML
@enduml
