@startuml
  skinparam classAttributeIconSize 0
  skinparam legend {
    BorderColor black
    BackGroundColor white
  }
  legend top right
    .Compostions CD
  end legend
  class A

  class B

  class C

  class D

  class E




  center footer generated with MontiCore using PlantUML
@enduml
