@startuml
  skinparam classAttributeIconSize 0
  skinparam legend {
    BorderColor black
    BackGroundColor white
  }
  legend top right
    .Extensions CD
  end legend
  class A {
    {field} int a
  }

  class B extends A {
    {field} int b
  }

  class C extends A {
    {field} int c
  }

  class D extends B {
    {field} int d
  }

  class E extends B {
    {field} int e
  }

  center footer generated with MontiCore using PlantUML
@enduml
