@startuml
<style>
	classDiagram {
		class {
			BackgroundColor White
			RoundCorner 0
	  }
	  legend {
      BackgroundColor White
      RoundCorner 0
    }
</style>
hide circle
hide empty members
  skinparam classAttributeIconSize 0
legend top right
  CD
end legend
namespace someOtherPackage {
  class A {
    {field} int a
  }
  class B
}
class C {
  {field} public someOtherPackage.A c
}
center footer generated with MontiCore using PlantUML
@enduml
